// Jest Snapshot v1, https://goo.gl/fbAQLP

exports[`clients snapshot tests renders correctly 1`] = `
<h1>
  Clients
</h1>
`;
