// Jest Snapshot v1, https://goo.gl/fbAQLP

exports[`contacts snapshot tests renders correctly 1`] = `
<h1>
  Contacts
</h1>
`;
