// Jest Snapshot v1, https://goo.gl/fbAQLP

exports[`Nav Item Link snapshot tests renders correctly 1`] = `
<li
  className="md-list-item"
  style={Object {}}
>
  <a
    aria-expanded={null}
    aria-pressed={false}
    className="md-fake-btn md-pointer--hover md-fake-btn--no-outline md-list-tile md-list-tile--icon md-text"
    onBlur={[Function]}
    onClick={[Function]}
    onKeyDown={[Function]}
    onKeyUp={[Function]}
    onMouseLeave={[Function]}
    onMouseOver={[Function]}
    onTouchEnd={[Function]}
    onTouchStart={[Function]}
    role="button"
    tabIndex={0}
  >
    <div
      className="md-ink-container"
    />
    <div
      className="md-tile-addon md-tile-addon--icon"
    >
      <i
        className="md-icon material-icons"
      >
        format_list_bulleted
      </i>
    </div>
    <div
      className="md-tile-content md-tile-content--left-icon"
    >
      <div
        className="md-tile-text--primary md-text"
      >
        All
      </div>
    </div>
  </a>
</li>
`;
