// Jest Snapshot v1, https://goo.gl/fbAQLP

exports[`routes snapshot tests renders correctly 1`] = `
<h1>
  Home
</h1>
`;
